== block 000  residual_in shape=(2048, 6144)
  reference forward ...
    22.9s experts=[0, 1, 2, 3, 4, 5, 6, 7]
  pilot (goz1_expert_ternary_only) ...
    47.5s  cos=0.963572 top1=1.000000 drift=0.000000
  fp16 control ...
    31.1s  block_out_cos=0.999987
== block 001  residual_in shape=(2048, 6144)
  reference forward ...
    27.0s experts=[0, 1, 2, 3, 4, 5, 6, 7]
  pilot (expert_periodic_hp_123) ...
    31.4s  cos=0.963211 top1=0.887695 drift=0.277351
  fp16 control ...
    28.0s  block_out_cos=0.999986
== block 002  residual_in shape=(2048, 6144)
  reference forward ...
    25.8s experts=[0, 1, 2, 3, 4, 5, 6, 7]
  pilot (expert_periodic_hp_123) ...
    37.1s  cos=0.939684 top1=0.729004 drift=0.279321
  fp16 control ...
    31.3s  block_out_cos=0.999968
== block 003  residual_in shape=(2048, 6144)
  reference forward ...
    28.5s experts=[0, 1, 2, 3, 4, 5, 6, 7]
  pilot (expert_periodic_hp_123) ...
    35.3s  cos=0.913853 top1=0.615723 drift=0.348475
  fp16 control ...
    27.7s  block_out_cos=0.999920
wrote reports/grok-1-expert-precision-remedy-v2/metrics.json
DECISION option 2: Stronger remedies help, but full-HP experts or another correction remain required.
wrote reports/grok-1-expert-precision-remedy-v2/results.md
