== block 000  residual_in shape=(2048, 6144)
  reference forward ...
    19.1s experts=[0, 1, 2, 3, 4, 5, 6, 7]
  pilot (expert_hp_ceiling) ...
    31.0s  cos=1.000000 top1=1.000000 drift=0.000000
  fp16 control ...
    21.9s  block_out_cos=0.999987
== block 001  residual_in shape=(2048, 6144)
  reference forward ...
    20.4s experts=[0, 1, 2, 3, 4, 5, 6, 7]
  pilot (expert_hp_ceiling) ...
    26.2s  cos=0.999997 top1=1.000000 drift=0.000051
  fp16 control ...
    25.6s  block_out_cos=0.999986
== block 002  residual_in shape=(2048, 6144)
  reference forward ...
    22.2s experts=[0, 1, 2, 3, 4, 5, 6, 7]
  pilot (expert_hp_ceiling) ...
    35.3s  cos=0.999998 top1=1.000000 drift=0.002299
  fp16 control ...
    28.8s  block_out_cos=0.999968
== block 003  residual_in shape=(2048, 6144)
  reference forward ...
    24.8s experts=[0, 1, 2, 3, 4, 5, 6, 7]
  pilot (expert_hp_ceiling) ...
    38.0s  cos=0.999984 top1=1.000000 drift=0.001945
  fp16 control ...
    26.3s  block_out_cos=0.999920
wrote reports/grok-1-expert-precision-remedy-v2/hp-ceiling/metrics.json
EVIDENCE ONLY: no decision emitted
