== block 000  residual_in shape=(2048, 6144)
  reference forward ...
    27.8s experts=[0, 1, 2, 3, 4, 5, 6, 7]
  pilot (research_per_channel_side) ...
    76.4s  cos=0.972652 top1=1.000000 drift=0.000000
  fp16 control ...
    28.4s  block_out_cos=0.999987
== block 001  residual_in shape=(2048, 6144)
  reference forward ...
    25.8s experts=[0, 1, 2, 3, 4, 5, 6, 7]
  pilot (expert_periodic_hp_n2_plus_channel_alpha) ...
    35.4s  cos=0.971191 top1=0.905273 drift=0.236060
  fp16 control ...
    28.9s  block_out_cos=0.999986
== block 002  residual_in shape=(2048, 6144)
  reference forward ...
    24.8s experts=[0, 1, 2, 3, 4, 5, 6, 7]
  pilot (research_per_channel_side) ...
    90.1s  cos=0.927502 top1=0.769531 drift=0.242170
  fp16 control ...
    26.9s  block_out_cos=0.999968
== block 003  residual_in shape=(2048, 6144)
  reference forward ...
    23.5s experts=[0, 1, 2, 3, 4, 5, 6, 7]
  pilot (expert_periodic_hp_n2_plus_channel_alpha) ...
    30.9s  cos=0.905379 top1=0.592285 drift=0.384552
  fp16 control ...
    35.8s  block_out_cos=0.999920
wrote reports/grok-1-expert-precision-remedy-v2/stacked-channel-alpha/metrics.json
EVIDENCE ONLY: no decision emitted
