== block 000  residual_in shape=(2048, 6144)
  reference forward ...
    18.7s experts=[0, 1, 2, 3, 4, 5, 6, 7]
  pilot (research_per_channel_side) ...
    52.2s  block_out_cos=0.972652 top1=1.000000 resid_in_drift=0.000000
  fp16 control ...
    26.2s  block_out_cos=0.999987
== block 001  residual_in shape=(2048, 6144)
  reference forward ...
    17.3s experts=[0, 1, 2, 3, 4, 5, 6, 7]
  pilot (research_per_channel_side) ...
    116.0s  block_out_cos=0.960093 top1=0.905273 resid_in_drift=0.236060
  fp16 control ...
    24.4s  block_out_cos=0.999986
== block 002  residual_in shape=(2048, 6144)
  reference forward ...
    18.7s experts=[0, 1, 2, 3, 4, 5, 6, 7]
  pilot (research_per_channel_side) ...
    51.1s  block_out_cos=0.907956 top1=0.710449 resid_in_drift=0.282125
  fp16 control ...
    23.6s  block_out_cos=0.999968
== block 003  residual_in shape=(2048, 6144)
  reference forward ...
    17.2s experts=[0, 1, 2, 3, 4, 5, 6, 7]
  pilot (research_per_channel_side) ...
    51.6s  block_out_cos=0.866169 top1=0.563477 resid_in_drift=0.428825
  fp16 control ...
    24.5s  block_out_cos=0.999920
wrote /tmp/goz73-channel-alpha/metrics.json
DECISION option 2: Remedy helps but needs further correction (clear improvement vs #72; residual still compounds).
wrote /tmp/goz73-channel-alpha/results.md
