== block 000  residual_in shape=(2048, 6144)
  reference forward ...
    25.2s experts=[0, 1, 2, 3, 4, 5, 6, 7]
  pilot (goz1_expert_ternary_only) ...
    33.6s  block_out_cos=0.963572 top1=1.000000 resid_in_drift=0.000000
  fp16 control ...
    28.6s  block_out_cos=0.999987
== block 001  residual_in shape=(2048, 6144)
  reference forward ...
    24.6s experts=[0, 1, 2, 3, 4, 5, 6, 7]
  pilot (expert_periodic_hp_n2) ...
    29.8s  block_out_cos=0.963211 top1=0.887695 resid_in_drift=0.277351
  fp16 control ...
    24.6s  block_out_cos=0.999986
== block 002  residual_in shape=(2048, 6144)
  reference forward ...
    17.9s experts=[0, 1, 2, 3, 4, 5, 6, 7]
  pilot (goz1_expert_ternary_only) ...
    32.0s  block_out_cos=0.905360 top1=0.729004 resid_in_drift=0.279321
  fp16 control ...
    24.0s  block_out_cos=0.999968
== block 003  residual_in shape=(2048, 6144)
  reference forward ...
    18.6s experts=[0, 1, 2, 3, 4, 5, 6, 7]
  pilot (expert_periodic_hp_n2) ...
    25.8s  block_out_cos=0.882308 top1=0.547852 resid_in_drift=0.449088
  fp16 control ...
    25.9s  block_out_cos=0.999920
wrote reports/grok-1-expert-precision-remedy/metrics.json
DECISION option 2: Remedy helps but needs further correction (clear improvement vs #72; residual still compounds).
wrote reports/grok-1-expert-precision-remedy/results.md
