== block 000  residual_in shape=(2048, 6144)
  reference forward ...
    25.1s experts=[0, 1, 2, 3, 4, 5, 6, 7]
  pilot (research_int4_side) ...
    44.2s  cos=0.998615 top1=1.000000 drift=0.000000
  fp16 control ...
    37.0s  block_out_cos=0.999987
== block 001  residual_in shape=(2048, 6144)
  reference forward ...
    21.4s experts=[0, 1, 2, 3, 4, 5, 6, 7]
  pilot (expert_int4_123) ...
    38.8s  cos=0.998473 top1=0.981934 drift=0.052881
  fp16 control ...
    39.3s  block_out_cos=0.999986
== block 002  residual_in shape=(2048, 6144)
  reference forward ...
    18.5s experts=[0, 1, 2, 3, 4, 5, 6, 7]
  pilot (expert_int4_123) ...
    37.3s  cos=0.995620 top1=0.953125 drift=0.055352
  fp16 control ...
    39.7s  block_out_cos=0.999968
== block 003  residual_in shape=(2048, 6144)
  reference forward ...
    20.1s experts=[0, 1, 2, 3, 4, 5, 6, 7]
  pilot (expert_int4_123) ...
    44.0s  cos=0.991523 top1=0.925293 drift=0.093522
  fp16 control ...
    41.2s  block_out_cos=0.999920
wrote reports/grok-1-expert-precision-remedy-v3/int4-plus-hp123/metrics.json
EVIDENCE ONLY: no decision emitted
